$ P1_DOC_PAGE=$(mktemp -d /tmp/p1-candidate-page.XXXXXXXX)
printf 'Page-only HTML output: %s\n' "$P1_DOC_PAGE/html"
python3 -B -m sphinx -W --keep-going -C -b html -D root_doc=ascend_p1 -D 'exclude_patterns=benchmarking.rst,cli.rst,faq.rst,installation.rst,kv_cache_calculator.rst,quickstart*,troubleshoot.rst' p1-repos/LMCache/docs/source/getting_started "$P1_DOC_PAGE/html"

Page-only HTML output: /tmp/p1-candidate-page.c8y1R6v0/html
Running Sphinx v7.2.6
making output directory... done
building [mo]: targets for 0 po files that are out of date
writing output... 
building [html]: targets for 1 source files that are out of date
updating environment: [new config] 1 added, 0 changed, 0 removed
[2Kreading sources... [100%] ascend_p1
looking for now-outdated files... none found
pickling environment... done
checking consistency... done
preparing documents... done
copying assets... copying static files... done
copying extra files... done
done
[2Kwriting output... [100%] ascend_p1
generating indices... genindex done
writing additional pages... search done
dumping search index in English (code: en)... done
dumping object inventory... done
build succeeded.

The HTML pages are in ../../../../../tmp/p1-candidate-page.c8y1R6v0/html.

Exit code: 0
