$ /tmp/falconkv-p3-host.yIFSSF/bin/python -B -m pytest -p no:cacheprovider --confcutdir=tests/v1/remote_fill tests/v1/remote_fill -q --junitxml=/home/zhangzhaoju/Learn/code/falconkv/design/p3/results/native-20260928/precommit/remote-fill-protocol.xml

tests/v1/remote_fill/test_diagnostics.py::test_diagnostic_record_is_bounded_structured_and_single_line PASSED [  1%]
tests/v1/remote_fill/test_diagnostics.py::test_fatal_record_states_memory_safety_and_restart_action PASSED [  2%]
tests/v1/remote_fill/test_diagnostics.py::test_former_validation_helper_remains_import_compatible PASSED [  3%]
tests/v1/remote_fill/test_protocol.py::test_control_manifest_is_pointer_free PASSED [  4%]
tests/v1/remote_fill/test_protocol.py::test_unknown_pointer_field_is_rejected PASSED [  5%]
tests/v1/remote_fill/test_protocol.py::test_unknown_response_field_is_rejected PASSED [  6%]
tests/v1/remote_fill/test_protocol.py::test_page_count_is_bounded PASSED [  7%]
tests/v1/remote_fill/test_protocol.py::test_message_size_is_checked_before_decode PASSED [  8%]
tests/v1/remote_fill/test_protocol.py::test_oversized_reservation_response_is_rejected_before_allocation PASSED [  9%]
tests/v1/remote_fill/test_protocol.py::test_response_preflight_bound_always_fits_real_reservation PASSED [ 10%]
tests/v1/remote_fill/test_protocol.py::test_oversized_stale_request_cannot_abandon_active_transaction PASSED [ 11%]
tests/v1/remote_fill/test_protocol.py::test_response_preflight_rejection_does_not_run_page_maintenance PASSED [ 12%]
tests/v1/remote_fill/test_protocol.py::test_descriptor_hmac_and_set_digest_cover_noncontiguous_pages PASSED [ 13%]
tests/v1/remote_fill/test_protocol.py::test_response_descriptor_digest_detects_pointer_mutation PASSED [ 14%]
tests/v1/remote_fill/test_protocol.py::test_group0_only_window_is_wire_valid PASSED [ 15%]
tests/v1/remote_fill/test_protocol.py::test_mixed_direct_group_sets_are_rejected PASSED [ 16%]
tests/v1/remote_fill/test_protocol.py::test_control_page_interval_must_equal_valid_tokens PASSED [ 17%]
tests/v1/remote_fill/test_protocol.py::test_payload_digest_detects_mutation PASSED [ 18%]
tests/v1/remote_fill/test_protocol.py::test_negotiation_binds_builtin_hash_seed PASSED [ 19%]
tests/v1/remote_fill/test_protocol.py::test_negotiation_binds_direct_group_shape PASSED [ 20%]
tests/v1/remote_fill/test_protocol.py::test_nonbuiltin_hash_rejects_python_seed PASSED [ 21%]
tests/v1/remote_fill/test_state.py::test_unequal_groups_complete_the_existing_reserve_arm_finish_protocol[harness0] PASSED [ 22%]
tests/v1/remote_fill/test_state.py::test_wrong_indexer_count_is_rejected_before_allocating[harness0] PASSED [ 23%]
tests/v1/remote_fill/test_state.py::test_unequal_pages_do_not_pass_legacy_equal_group_negotiation PASSED [ 24%]
tests/v1/remote_fill/test_state.py::test_open_conservatively_reports_zero_until_exact_keys_arrive PASSED [ 25%]
tests/v1/remote_fill/test_state.py::test_reservation_key_supports_multiple_chunks_per_group PASSED [ 26%]
tests/v1/remote_fill/test_state.py::test_paired_negotiation_rejects_group0_only_window_before_allocation PASSED [ 27%]
tests/v1/remote_fill/test_state.py::test_open_rejection_reports_the_mismatched_identity_field PASSED [ 28%]
tests/v1/remote_fill/test_state.py::test_group0_negotiation_rejects_paired_window_before_allocation PASSED [ 29%]
tests/v1/remote_fill/test_state.py::test_group0_commit_is_internal_local_and_public_persistent_only PASSED [ 30%]
tests/v1/remote_fill/test_state.py::test_group0_partial_tail_commits_with_exact_finish_metadata PASSED [ 31%]
tests/v1/remote_fill/test_state.py::test_out_of_order_windows_finalize_deterministically PASSED [ 32%]
tests/v1/remote_fill/test_state.py::test_lost_arm_reply_is_idempotently_retried PASSED [ 33%]
tests/v1/remote_fill/test_state.py::test_every_lost_control_reply_is_exactly_replayable PASSED [ 34%]
tests/v1/remote_fill/test_state.py::test_concurrent_identical_reserve_allocates_once PASSED [ 35%]
tests/v1/remote_fill/test_state.py::test_unarmed_expiry_releases_and_retry_returns_no_pointer PASSED [ 36%]
tests/v1/remote_fill/test_state.py::test_arm_disables_ordinary_ttl_cleanup PASSED [ 37%]
tests/v1/remote_fill/test_state.py::test_descriptor_ttl_rejects_late_arm_without_early_page_reuse PASSED [ 38%]
tests/v1/remote_fill/test_state.py::test_missing_armed_completion_requires_paired_restart PASSED [ 39%]
tests/v1/remote_fill/test_state.py::test_abort_after_hard_timeout_replays_fatal_without_releasing PASSED [ 40%]
tests/v1/remote_fill/test_state.py::test_completion_requires_arm PASSED  [ 41%]
tests/v1/remote_fill/test_state.py::test_successful_report_remains_hidden_until_finish PASSED [ 42%]
tests/v1/remote_fill/test_state.py::test_metrics_snapshot_tracks_lifecycle_without_labels PASSED [ 43%]
tests/v1/remote_fill/test_state.py::test_metrics_count_validation_stale_and_transfer_failure PASSED [ 44%]
tests/v1/remote_fill/test_state.py::test_metrics_count_capacity_rejection PASSED [ 45%]
tests/v1/remote_fill/test_state.py::test_required_byte_capacity_hole_rejects_later_allocations PASSED [ 46%]
tests/v1/remote_fill/test_state.py::test_existing_pages_are_snapshots_without_descriptors_or_pins PASSED [ 47%]
tests/v1/remote_fill/test_state.py::test_mixed_existing_and_absent_pages_describe_only_allocations PASSED [ 48%]
tests/v1/remote_fill/test_state.py::test_probe_only_missing_page_prevents_local_publication PASSED [ 50%]
tests/v1/remote_fill/test_state.py::test_missing_manifest_chunk_prevents_commit PASSED [ 51%]
tests/v1/remote_fill/test_state.py::test_incomplete_persistence_fails_before_local_commit PASSED [ 52%]
tests/v1/remote_fill/test_state.py::test_final_commit_rechecks_existing_winners_and_can_fall_back PASSED [ 53%]
tests/v1/remote_fill/test_state.py::test_generic_commit_exception_falls_back_to_persistent_only PASSED [ 54%]
tests/v1/remote_fill/test_state.py::test_unsafe_commit_exception_requires_paired_restart PASSED [ 55%]
tests/v1/remote_fill/test_state.py::test_partial_final_page_uses_authoritative_valid_token_count PASSED [ 56%]
tests/v1/remote_fill/test_state.py::test_inconsistent_final_partial_metadata_is_rejected PASSED [ 57%]
tests/v1/remote_fill/test_state.py::test_native_failure_releases_only_after_terminal_report PASSED [ 58%]
tests/v1/remote_fill/test_state.py::test_one_failed_window_does_not_turn_fallback_into_cancellation PASSED [ 59%]
tests/v1/remote_fill/test_state.py::test_direct_abandoned_finish_skips_commit_callback PASSED [ 60%]
tests/v1/remote_fill/test_state.py::test_abort_does_not_release_armed_destination_early PASSED [ 61%]
tests/v1/remote_fill/test_state.py::test_same_operation_id_different_payload_is_rejected PASSED [ 62%]
tests/v1/remote_fill/test_state.py::test_reopened_transfer_cannot_change_source_identity PASSED [ 63%]
tests/v1/remote_fill/test_state.py::test_control_pages_must_match_negotiated_layout PASSED [ 64%]
tests/v1/remote_fill/test_state.py::test_invalid_allocator_batch_releases_every_raw_allocation PASSED [ 65%]
tests/v1/remote_fill/test_state.py::test_incomplete_batch_release_failure_returns_fatal PASSED [ 66%]
tests/v1/remote_fill/test_state.py::test_allocator_cannot_reuse_an_active_destination_range PASSED [ 67%]
tests/v1/remote_fill/test_state.py::test_canonical_key_cannot_be_registered_in_two_windows PASSED [ 68%]
tests/v1/remote_fill/test_state.py::test_final_manifest_digest_must_bind_all_registered_windows PASSED [ 69%]
tests/v1/remote_fill/test_state.py::test_stale_epoch_and_cache_generation_are_rejected PASSED [ 70%]
tests/v1/remote_fill/test_state.py::test_source_generation_is_stable_across_windows PASSED [ 71%]
tests/v1/remote_fill/test_state.py::test_terminal_records_expire_but_fatal_records_do_not PASSED [ 72%]
tests/v1/remote_fill/test_state.py::test_terminal_pruning_restores_operation_record_capacity PASSED [ 73%]
tests/v1/remote_fill/test_state.py::test_terminal_pruning_is_rate_limited PASSED [ 74%]
tests/v1/remote_fill/test_state.py::test_terminal_pruning_interval_does_not_exceed_record_ttl PASSED [ 75%]
tests/v1/remote_fill/test_state.py::test_one_record_capacity_still_allows_arm_report_and_finish PASSED [ 76%]
tests/v1/remote_fill/test_state.py::test_fatal_records_survive_terminal_record_ttl PASSED [ 77%]
tests/v1/remote_fill/test_state.py::test_fatal_transaction_stops_new_admission PASSED [ 78%]
tests/v1/remote_fill/test_state.py::test_expired_window_can_be_reserved_with_new_operation PASSED [ 79%]
tests/v1/remote_fill/test_state.py::test_reserved_byte_quota_rejects_before_allocation PASSED [ 80%]
tests/v1/remote_fill/test_state.py::test_shutdown_releases_unarmed_pages_and_stops_admission PASSED [ 81%]
tests/v1/remote_fill/test_state.py::test_shutdown_retains_armed_pages_and_reports_restart PASSED [ 82%]
tests/v1/remote_fill/test_state.py::test_release_failure_escalates_instead_of_reusing_memory PASSED [ 83%]
tests/v1/remote_fill/test_state.py::test_inflight_window_quota_is_enforced PASSED [ 84%]
tests/v1/remote_fill/test_state.py::test_state_requires_positive_engine_epoch_and_limits PASSED [ 85%]
tests/v1/remote_fill/test_transport.py::test_rpc_client_adapter_uses_fixed_three_frame_envelope PASSED [ 86%]
tests/v1/remote_fill/test_transport.py::test_rpc_client_adapter_applies_operation_specific_timeout PASSED [ 87%]
tests/v1/remote_fill/test_transport.py::test_rpc_client_adapter_applies_every_operation_timeout[NEGOTIATE-NegotiateRequest] PASSED [ 88%]
tests/v1/remote_fill/test_transport.py::test_rpc_client_adapter_applies_every_operation_timeout[OPEN-OpenRequest] PASSED [ 89%]
tests/v1/remote_fill/test_transport.py::test_rpc_client_adapter_applies_every_operation_timeout[RESERVE_WINDOW-ReserveWindowRequest] PASSED [ 90%]
tests/v1/remote_fill/test_transport.py::test_rpc_client_adapter_applies_every_operation_timeout[ARM_WINDOW-ArmWindowRequest] PASSED [ 91%]
tests/v1/remote_fill/test_transport.py::test_rpc_client_adapter_applies_every_operation_timeout[REPORT_TRANSFER_COMPLETE-ReportTransferCompleteRequest] PASSED [ 92%]
tests/v1/remote_fill/test_transport.py::test_rpc_client_adapter_applies_every_operation_timeout[FINISH-FinishRequest] PASSED [ 93%]
tests/v1/remote_fill/test_transport.py::test_rpc_client_adapter_applies_every_operation_timeout[ABORT-AbortRequest] PASSED [ 94%]
tests/v1/remote_fill/test_transport.py::test_rpc_client_adapter_applies_every_operation_timeout[STATUS-StatusRequest] PASSED [ 95%]
tests/v1/remote_fill/test_transport.py::test_rpc_client_adapter_requires_one_tp0_response PASSED [ 96%]
tests/v1/remote_fill/test_transport.py::test_rpc_server_helper_accepts_only_fixed_envelope PASSED [ 97%]
tests/v1/remote_fill/test_transport.py::test_rpc_server_helper_rejects_malformed_envelope PASSED [ 98%]
tests/v1/remote_fill/test_transport.py::test_service_diagnostics_disabled_do_not_read_timing_clocks PASSED [100%]

- generated xml file: /home/zhangzhaoju/Learn/code/falconkv/design/p3/results/native-20260928/precommit/remote-fill-protocol.xml -
============================== 98 passed in 0.25s ==============================
