Scope: corrected new page only with built-in theme, NOT full repository Sphinx build.

Page-only HTML output: /tmp/p1-lmcache-page.Br7MtI2O/html
Running Sphinx v7.2.6
making output directory... done
building [mo]: targets for 0 po files that are out of date
writing output... 
building [html]: targets for 1 source files that are out of date
updating environment: [new config] 1 added, 0 changed, 0 removed
[2Kreading sources... [100%] ascend_p1
looking for now-outdated files... none found
pickling environment... done
checking consistency... done
preparing documents... done
copying assets... copying static files... done
copying extra files... done
done
[2Kwriting output... [100%] ascend_p1
generating indices... genindex done
writing additional pages... search done
dumping search index in English (code: en)... done
dumping object inventory... done
build succeeded.

The HTML pages are in ../../../../../tmp/p1-lmcache-page.Br7MtI2O/html.

Exit code: 0
